--- Start BURT header
Time:     Fri Jun 11 15:20:51 2010
Login ID: mooney (Tim Mooney)
Eff  UID: 597
Group ID: 104
Keywords: 
Comments: 
Type:     Absolute
Directory /home/oxygen4/MOONEY/epics/synAppsSVN/support/softGlue/softGlueApp/op/burt
Req File: softGlue.req
--- End BURT header
xxx:softGlue:ReadRate.SCAN 1 ".1 second"
xxx:softGlue:AND-1_IN1_Signal 1 \0
xxx:softGlue:AND-1_IN2_Signal 1 0
xxx:softGlue:AND-1_OUT_Signal 1 \0
xxx:softGlue:AND-2_IN1_Signal 1 \0
xxx:softGlue:AND-2_IN2_Signal 1 \0
xxx:softGlue:AND-2_OUT_Signal 1 \0
xxx:softGlue:8MHZ_CLK_Signal 1 Clock_8MHz
xxx:softGlue:DEMUX2-1_IN_Signal 1 \0
xxx:softGlue:DEMUX2-1_OUT0_Signal 1 \0
xxx:softGlue:DEMUX2-1_OUT1_Signal 1 \0
xxx:softGlue:DEMUX2-1_SEL_Signal 1 \0
xxx:softGlue:DEMUX2-2_IN_Signal 1 \0
xxx:softGlue:DEMUX2-2_OUT0_Signal 1 \0
xxx:softGlue:DEMUX2-2_OUT1_Signal 1 \0
xxx:softGlue:DEMUX2-2_SEL_Signal 1 \0
xxx:softGlue:DFF-1_CLEAR_Signal 1 \0
xxx:softGlue:DFF-1_CLOCK_Signal 1 det
xxx:softGlue:DFF-1_D_Signal 1 0
xxx:softGlue:DFF-1_OUT_Signal 1 busy
xxx:softGlue:DFF-1_SET_Signal 1 reset*
xxx:softGlue:DFF-2_CLEAR_Signal 1 det*
xxx:softGlue:DFF-2_CLOCK_Signal 1 Clock_1kHz
xxx:softGlue:DFF-2_D_Signal 1 0
xxx:softGlue:DFF-2_OUT_Signal 1 start
xxx:softGlue:DFF-2_SET_Signal 1 \0
xxx:softGlue:DivByN-1_CLOCK_Signal 1 Clock_8MHz
xxx:softGlue:DivByN-1_ENABLE_Signal 1 \0
xxx:softGlue:DivByN-1_OUT_Signal 1 Clock_1kHz
xxx:softGlue:DivByN-1_RESET_Signal 1 0
xxx:softGlue:DivByN-1_N 1 8000
xxx:softGlue:DivByN-2_CLOCK_Signal 1 \0
xxx:softGlue:DivByN-2_ENABLE_Signal 1 \0
xxx:softGlue:DivByN-2_OUT_Signal 1 \0
xxx:softGlue:DivByN-2_RESET_Signal 1 \0
xxx:softGlue:DivByN-2_N 1 3
xxx:softGlue:DnCntr-1_CLOCK_Signal 1 Clock_1kHz
xxx:softGlue:DnCntr-1_ENABLE_Signal 1 start
xxx:softGlue:DnCntr-1_LOAD_Signal 1 reset
xxx:softGlue:DnCntr-1_OUT_Signal 1 det
xxx:softGlue:DnCntr-1_PRESET 1 1000
xxx:softGlue:DnCntr-2_CLOCK_Signal 1 0.000000
xxx:softGlue:DnCntr-2_ENABLE_Signal 1 0
xxx:softGlue:DnCntr-2_LOAD_Signal 1 0
xxx:softGlue:DnCntr-2_OUT_Signal 1 \0
xxx:softGlue:DnCntr-2_PRESET 1 5
xxx:softGlue:FI10_Signal 1 \0
xxx:softGlue:FI11_Signal 1 \0
xxx:softGlue:FI12_Signal 1 \0
xxx:softGlue:FI13_Signal 1 \0
xxx:softGlue:FI14_Signal 1 \0
xxx:softGlue:FI15_Signal 1 \0
xxx:softGlue:FI16_Signal 1 \0
xxx:softGlue:FI1_Signal 1 \0
xxx:softGlue:FI2_Signal 1 \0
xxx:softGlue:FI3_Signal 1 \0
xxx:softGlue:FI4_Signal 1 \0
xxx:softGlue:FI5_Signal 1 \0
xxx:softGlue:FI6_Signal 1 \0
xxx:softGlue:FI7_Signal 1 \0
xxx:softGlue:FI8_Signal 1 \0
xxx:softGlue:FI9_Signal 1 \0
xxx:softGlue:FO10_Signal 1 \0
xxx:softGlue:FO11_Signal 1 \0
xxx:softGlue:FO12_Signal 1 \0
xxx:softGlue:FO13_Signal 1 \0
xxx:softGlue:FO14_Signal 1 \0
xxx:softGlue:FO15_Signal 1 \0
xxx:softGlue:FO16_Signal 1 \0
xxx:softGlue:FO1_Signal 1 busy
xxx:softGlue:FO2_Signal 1 \0
xxx:softGlue:FO3_Signal 1 \0
xxx:softGlue:FO4_Signal 1 \0
xxx:softGlue:FO5_Signal 1 \0
xxx:softGlue:FO6_Signal 1 \0
xxx:softGlue:FO7_Signal 1 \0
xxx:softGlue:FO8_Signal 1 \0
xxx:softGlue:FO9_Signal 1 \0
xxx:softGlue:MUX2-1_IN0_Signal 1 \0
xxx:softGlue:MUX2-1_IN1_Signal 1 \0
xxx:softGlue:MUX2-1_OUT_Signal 1 m
xxx:softGlue:MUX2-1_SEL_Signal 1 \0
xxx:softGlue:MUX2-2_IN0_Signal 1 \0
xxx:softGlue:MUX2-2_IN1_Signal 1 \0
xxx:softGlue:MUX2-2_OUT_Signal 1 \0
xxx:softGlue:MUX2-2_SEL_Signal 1 \0
xxx:softGlue:OR-1_IN1_Signal 1 0.00000
xxx:softGlue:OR-1_IN2_Signal 1 0
xxx:softGlue:OR-1_OUT_Signal 1 reset
xxx:softGlue:OR-2_IN1_Signal 1 \0
xxx:softGlue:OR-2_IN2_Signal 1 \0
xxx:softGlue:OR-2_OUT_Signal 1 \0
xxx:softGlue:UpCntr-1_CLEAR_Signal 1 reset
xxx:softGlue:UpCntr-1_CLOCK_Signal 1 Clock_8MHz
xxx:softGlue:UpCntr-1_ENABLE_Signal 1 start
xxx:softGlue:UpCntr-2_CLEAR_Signal 1 reset
xxx:softGlue:UpCntr-2_CLOCK_Signal 1 Clock_8MHz
xxx:softGlue:UpCntr-2_ENABLE_Signal 1 start
xxx:softGlue:XOR-1_IN1_Signal 1 \0
xxx:softGlue:XOR-1_IN2_Signal 1 \0
xxx:softGlue:XOR-1_OUT_Signal 1 \0
xxx:softGlue:XOR-2_IN1_Signal 1 \0
xxx:softGlue:XOR-2_IN2_Signal 1 \0
xxx:softGlue:XOR-2_OUT_Signal 1 \0
xxx:softGlue:In_1Do.OUT 1 "xxx:userStringSeq2.PROC PP NMS"
xxx:softGlue:In_2Do.OUT 1 \0
xxx:softGlue:In_3Do.OUT 1 \0
xxx:softGlue:In_4Do.OUT 1 \0
xxx:softGlue:In_5Do.OUT 1 \0
xxx:softGlue:In_6Do.OUT 1 \0
xxx:softGlue:In_7Do.OUT 1 \0
xxx:softGlue:In_8Do.OUT 1 \0
xxx:softGlue:In_9Do.OUT 1 \0
xxx:softGlue:In_10Do.OUT 1 \0
xxx:softGlue:In_11Do.OUT 1 \0
xxx:softGlue:In_12Do.OUT 1 \0
xxx:softGlue:In_13Do.OUT 1 \0
xxx:softGlue:In_14Do.OUT 1 \0
xxx:softGlue:In_15Do.OUT 1 \0
xxx:softGlue:In_16Do.OUT 1 \0
xxx:softGlue:Out_1Do.OUT 1 \0
xxx:softGlue:Out_2Do.OUT 1 \0
xxx:softGlue:Out_3Do.OUT 1 \0
xxx:softGlue:Out_4Do.OUT 1 \0
xxx:softGlue:Out_5Do.OUT 1 \0
xxx:softGlue:Out_6Do.OUT 1 \0
xxx:softGlue:Out_7Do.OUT 1 \0
xxx:softGlue:Out_8Do.OUT 1 \0
xxx:softGlue:Out_9Do.OUT 1 \0
xxx:softGlue:Out_10Do.OUT 1 \0
xxx:softGlue:Out_11Do.OUT 1 \0
xxx:softGlue:Out_12Do.OUT 1 \0
xxx:softGlue:Out_13Do.OUT 1 \0
xxx:softGlue:Out_14Do.OUT 1 \0
xxx:softGlue:Out_15Do.OUT 1 \0
xxx:softGlue:Out_16Do.OUT 1 \0
xxx:softGlue:In_1IntEdge 1 Falling
xxx:softGlue:In_2IntEdge 1 Both
xxx:softGlue:In_3IntEdge 1 Both
xxx:softGlue:In_4IntEdge 1 Both
xxx:softGlue:In_5IntEdge 1 Both
xxx:softGlue:In_6IntEdge 1 Both
xxx:softGlue:In_7IntEdge 1 Both
xxx:softGlue:In_8IntEdge 1 None
xxx:softGlue:In_9IntEdge 1 None
xxx:softGlue:In_10IntEdge 1 None
xxx:softGlue:In_11IntEdge 1 None
xxx:softGlue:In_12IntEdge 1 None
xxx:softGlue:In_13IntEdge 1 None
xxx:softGlue:In_14IntEdge 1 None
xxx:softGlue:In_15IntEdge 1 Rising
xxx:softGlue:In_16IntEdge 1 None
xxx:softGlue:Out_1IntEdge 1 None
xxx:softGlue:Out_2IntEdge 1 None
xxx:softGlue:Out_3IntEdge 1 None
xxx:softGlue:Out_4IntEdge 1 None
xxx:softGlue:Out_5IntEdge 1 None
xxx:softGlue:Out_6IntEdge 1 None
xxx:softGlue:Out_7IntEdge 1 None
xxx:softGlue:Out_8IntEdge 1 None
xxx:softGlue:Out_9IntEdge 1 None
xxx:softGlue:Out_10IntEdge 1 None
xxx:softGlue:Out_11IntEdge 1 None
xxx:softGlue:Out_12IntEdge 1 None
xxx:softGlue:Out_13IntEdge 1 None
xxx:softGlue:Out_14IntEdge 1 None
xxx:softGlue:Out_15IntEdge 1 None
xxx:softGlue:Out_16IntEdge 1 None
xxx:softGlue:busy1.OUT 1 "xxx:softGlue:DFF-2_D_Signal PP NMS"
xxx:softGlue:busy1.FLNK 1 0
xxx:softGlue:pulseOut.OUT 1 "xxx:softGlue:OR-1_IN1_Signal PP NMS"
xxx:softGlue:npulseOut.OUT 1 \0
xxx:softGlue:pollTimeMS_IN 1 1000
xxx:softGlue:pollTimeMS_OUT 1 1000
